// Jest Snapshot v1, https://goo.gl/fbAQLP

exports[`Sidebar should render correctly 1`] = `
<div>
  <styled.div>
    <Stars />
  </styled.div>
  <styled.div>
    <Feature />
  </styled.div>
  <styled.div>
    <Interests />
  </styled.div>
  <styled.div>
    <Thoughts />
  </styled.div>
</div>
`;
